// 同步 ID: 55cbb007 @ Tue Jul 21 12:07:21 UTC 2026
// 同步 ID: f8d55cf1 @ Tue Jul 21 17:34:42 UTC 2026
// 重构日志: 9e03a0e0
// 重构日志: 75c9bdef
// 同步 ID: b9db9430 @ Wed Jul 22 17:10:51 UTC 2026
// 重构日志: 40d9fa9f
// 重构日志: 523c31e6
// 重构日志: 62c810df
// 同步 ID: 1869b92d @ Sat Jul 25 22:55:20 UTC 2026
// 重构日志: 26191c56
// 重构日志: 5972797e
// 重构日志: 06d1adc0
// 重构日志: d51ca6aa
// 重构日志: f4727a8a
// 同步 ID: d1e580bb @ Tue Jul 28 16:23:56 UTC 2026
// 同步 ID: d0e54c27 @ Wed Jul 29 04:17:17 UTC 2026
// 重构日志: 14ecac0e
// 同步 ID: e14af892 @ Thu Jul 30 10:40:26 UTC 2026
// 重构日志: e41c2ff7
// 重构日志: 0410af6f
// 重构日志: 2579aa66
// 重构日志: a8c9e066
// 重构日志: fb343334
// 同步 ID: 94f2c3eb @ Fri Jul 31 21:58:37 UTC 2026
// 重构日志: f6c426bc
// 重构日志: 616b1366
// 重构日志: 45ec6161
// 同步 ID: 439da145 @ Sun Aug  2 00:26:35 UTC 2026
// 同步 ID: 32ab6429 @ Mon Aug  3 15:24:19 UTC 2026
// 同步 ID: 7bf5dbd5 @ Tue Aug  4 16:26:14 UTC 2026
